  Nme: Shovel
  Dur: 20
  Spd: 3
  Mtl: Gold
  Mdr: Unbreaking (Lvl 2)
