Processing Log:
 (S) Hat
 (S) Boots

Player Storage Summary:
 -Used  50% of 4 slots
  Nme: Hat
  Dur: 1
  Def: 5
  Mtl: Gold
  Mdr: Protection (Lvl 3)
  Emt: water

  Nme: Boots
  Dur: 2
  Def: 4
  Mtl: Diamond
  Mdr: FeatherFalling (Lvl 4)
  Emt: fire

