Processing Log:
 (S) Shovel
 (S) Pickaxe

Player Storage Summary:
 -Used  50% of 4 slots
  Nme: Shovel
  Dur: 20
  Spd: 3
  Mtl: Gold
  Mdr: Unbreaking (Lvl 2)

  Nme: Pickaxe
  Dur: 10
  Spd: 3
  Mtl: Stone
  Mdr: Efficiency (Lvl 2)

