processinglog:
(s)hat
(s)boots
playerstoragesummary:
-used50%of4slots
nme:hat
dur:1
def:5
mtl:gold
mdr:protection(lvl3)
emt:water
nme:boots
dur:2
def:4
mtl:diamond
mdr:featherfalling(lvl4)
emt:fire
