  Nme: Boots
  Dur: 1
  Def: 2
  Mtl: Iron
  Mdr: FeatherFalling (Lvl 3)
  Emt: Water
