Processing Log:
 (S) Speed-II-Potion
 (S) PotatoCamera

Player Storage Summary:
 -Used  50% of 4 slots
  Nme: Speed-II-Potion
  Eft: Spd*2
  Use: 1
  Qty: 1

  Nme: PotatoCamera
  Eft: Focus-50%
  Use: 99
  Qty: 1

