processinglog:
(s)pickaxe
(s)shovel
(s)pickaxe
(s)speed-ii-potion
(s)tomato
(s)potatocamera
(s)potatocamera
(d)axe
(d)boots
(d)boots
playerstoragesummary:
-used100%of6slots
nme:pickaxe
dur:100
spd:1
mtl:diamond
mdr:fortune(lvl5)
nme:shovel
dur:20
spd:3
mtl:gold
mdr:unbreaking(lvl2)
nme:pickaxe
dur:100
spd:1
mtl:diamond
mdr:fortune(lvl5)
nme:speed-ii-potion
eft:spd*2
use:1
qty:1
nme:tomato
eft:hunger-10
use:2
qty:1
nme:potatocamera
eft:imagequality-97%
use:5
qty:2
