processinglog:
(s)speed-ii-potion
(s)potatocamera
playerstoragesummary:
-used50%of4slots
nme:speed-ii-potion
eft:spd*2
use:1
qty:1
nme:potatocamera
eft:focus-50%
use:99
qty:1
